[  435346ms] [ERROR] ChunkLoadError: Loading chunk 6366 failed.
(timeout: https://withspout.com/_next/static/chunks/6366-89589ef701008e72.js)
    at s.f.j (https://withspout.com/_next/static/chunks/webpack-c534bbe7b5aaf7de.js:1:3741)
    at https://withspout.com/_next/static/chunks/webpack-c534bbe7b5aaf7de.js:1:1427
    at Array.reduce (<anonymous>)
    at s.e (https://withspout.com/_next/static/chunks/webpack-c534bbe7b5aaf7de.js:1:1393)
    at https://withspout.com/_next/static/chunks/4938-3e0c7034cc7bad55.js:1:85835
    at https://withspout.com/_next/static/chunks/4938-3e0c7034cc7bad55.js:1:86037
    at t (https://withspout.com/_next/static/chunks/4938-3e0c7034cc7bad55.js:1:86240) @ https://withspout.com/_next/static/chunks/4938-3e0c7034cc7bad55.js:0
[  435405ms] Error: Minified React error #423; visit https://reactjs.org/docs/error-decoder.html?invariant=423 for the full message or use the non-minified dev environment for full errors and additional helpful warnings.
    at iU (https://withspout.com/_next/static/chunks/fd9d1056-6a8bda46d64a1837.js:1:117436)
    at o2 (https://withspout.com/_next/static/chunks/fd9d1056-6a8bda46d64a1837.js:1:94371)
    at https://withspout.com/_next/static/chunks/fd9d1056-6a8bda46d64a1837.js:1:94193
    at o1 (https://withspout.com/_next/static/chunks/fd9d1056-6a8bda46d64a1837.js:1:94200)
    at oV (https://withspout.com/_next/static/chunks/fd9d1056-6a8bda46d64a1837.js:1:91687)
    at oB (https://withspout.com/_next/static/chunks/fd9d1056-6a8bda46d64a1837.js:1:91112)
    at MessagePort.w (https://withspout.com/_next/static/chunks/4938-3e0c7034cc7bad55.js:1:99422)
[  435405ms] ChunkLoadError: Loading chunk 6366 failed.
(timeout: https://withspout.com/_next/static/chunks/6366-89589ef701008e72.js)
    at s.f.j (https://withspout.com/_next/static/chunks/webpack-c534bbe7b5aaf7de.js:1:3741)
    at https://withspout.com/_next/static/chunks/webpack-c534bbe7b5aaf7de.js:1:1427
    at Array.reduce (<anonymous>)
    at s.e (https://withspout.com/_next/static/chunks/webpack-c534bbe7b5aaf7de.js:1:1393)
    at https://withspout.com/_next/static/chunks/4938-3e0c7034cc7bad55.js:1:85835
    at https://withspout.com/_next/static/chunks/4938-3e0c7034cc7bad55.js:1:86037
    at t (https://withspout.com/_next/static/chunks/4938-3e0c7034cc7bad55.js:1:86240)
